// Jest Snapshot v1, https://goo.gl/fbAQLP

exports[`BreedList Component should render BreedList component 1`] = `"<div class=\\"makeStyles-breedContainer-1\\"><div role=\\"button\\" class=\\"MuiChip-root makeStyles-chip-2 MuiChip-deletable\\" tabindex=\\"0\\"><span class=\\"MuiChip-label\\">hound</span><svg class=\\"MuiSvgIcon-root MuiChip-deleteIcon makeStyles-deleteIcon-3\\" focusable=\\"false\\" viewBox=\\"0 0 24 24\\" aria-hidden=\\"true\\" data-testid=\\"hound-close-icon\\"><path d=\\"M19 6.41L17.59 5 12 10.59 6.41 5 5 6.41 10.59 12 5 17.59 6.41 19 12 13.41 17.59 19 19 17.59 13.41 12z\\"></path></svg></div><div role=\\"button\\" class=\\"MuiChip-root makeStyles-chip-2 MuiChip-deletable\\" tabindex=\\"0\\"><span class=\\"MuiChip-label\\">australian</span><svg class=\\"MuiSvgIcon-root MuiChip-deleteIcon makeStyles-deleteIcon-3\\" focusable=\\"false\\" viewBox=\\"0 0 24 24\\" aria-hidden=\\"true\\" data-testid=\\"australian-close-icon\\"><path d=\\"M19 6.41L17.59 5 12 10.59 6.41 5 5 6.41 10.59 12 5 17.59 6.41 19 12 13.41 17.59 19 19 17.59 13.41 12z\\"></path></svg></div></div>"`;

exports[`BreedList Component should show no breeds message id showNoBreedMessage is true and no  breeds selected 1`] = `"<div class=\\"makeStyles-breedContainer-4\\"><p>No breeds selected. Click on \\"Manage Breeds\\" to find some</p></div>"`;
